Analyzing MyGasolineraFlutter...                                

   info - 'value' is deprecated and shouldn't be used. Use initialValue instead. This will set the initial value for the form field. This feature was deprecated after v3.33.0-1.0.pre - lib\Implementaciones\facturas\presentacion\widgets\info_repostaje.dart:146:13 - deprecated_member_use
   info - 'value' is deprecated and shouldn't be used. Use initialValue instead. This will set the initial value for the form field. This feature was deprecated after v3.33.0-1.0.pre - lib\Implementaciones\facturas\presentacion\widgets\info_repostaje.dart:239:15 - deprecated_member_use
warning - Dead code - lib\main.dart:78:5 - dead_code

flutter : 3 issues 
found. (ran in 8.9s)
En línea: 1 Carácter: 1
+ flutter analyze > 
build_output.txt 2>&1 
; cat build_output.txt
+ ~~~~~~~~~~~~~~~~~~~~~
~~~~~~~~~~~~~~~~~~
    + CategoryInfo     
         : NotSpecifi  
  ed: (3 issues foun   
 d. (ran in 8.9s):S    
tring) [], RemoteE    
xception
    + FullyQualifiedEr 
   rorId : NativeComm  
  andError
 
